------------------------------------------------------------
TimeQuest Timing Analyzer Summary
------------------------------------------------------------

Type  : Slow Model Setup 'VinClock'
Slack : -6.261
TNS   : -998.092

Type  : Slow Model Setup 'u0|altpll_0|sd1|pll|clk[0]'
Slack : 15.925
TNS   : 0.000

Type  : Slow Model Hold 'u0|altpll_0|sd1|pll|clk[0]'
Slack : 0.499
TNS   : 0.000

Type  : Slow Model Hold 'VinClock'
Slack : 1.906
TNS   : 0.000

Type  : Slow Model Minimum Pulse Width 'VinClock'
Slack : -2.567
TNS   : -948.157

Type  : Slow Model Minimum Pulse Width 'SourceClock'
Slack : 10.000
TNS   : 0.000

Type  : Slow Model Minimum Pulse Width 'u0|altpll_0|sd1|pll|clk[0]'
Slack : 11.218
TNS   : 0.000

Type  : Fast Model Setup 'VinClock'
Slack : -1.457
TNS   : -231.021

Type  : Fast Model Setup 'u0|altpll_0|sd1|pll|clk[0]'
Slack : 24.523
TNS   : 0.000

Type  : Fast Model Hold 'u0|altpll_0|sd1|pll|clk[0]'
Slack : 0.215
TNS   : 0.000

Type  : Fast Model Hold 'VinClock'
Slack : 0.581
TNS   : 0.000

Type  : Fast Model Minimum Pulse Width 'VinClock'
Slack : -1.880
TNS   : -693.022

Type  : Fast Model Minimum Pulse Width 'SourceClock'
Slack : 10.000
TNS   : 0.000

Type  : Fast Model Minimum Pulse Width 'u0|altpll_0|sd1|pll|clk[0]'
Slack : 12.158
TNS   : 0.000

------------------------------------------------------------
